// Jest Snapshot v1, https://goo.gl/fbAQLP

exports[`App with home 1`] = `
<BrowserRouter>
  <div>
    <h1>
      Adventure Game
    </h1>
    <Switch>
      <Route
        component={[Function]}
        path="/"
      />
      <Redirect
        push={false}
        to="/"
      />
    </Switch>
  </div>
</BrowserRouter>
`;
